ACCORD2_I	Other
ACCORD2_LTR	Other
ACCORD_I	Other
ACCORD_LTR	Other
BATUMI_I	Other
BATUMI_LTR	Other
BEL-16_DR-I	BEL
BEL-16_DR-LTR	BEL
BEL-26_DR-I	BEL
BEL-26_DR-LTR	BEL
BEL-37-I_DR	BEL
BEL-37-LTR_DR	BEL
BEL-38-I_DR	BEL
BEL-38-LTR_DR	BEL
BEL-39_DRe-I	BEL
BEL-39_DRe-LTR	BEL
BEL-40_DRe-I	BEL
BEL-40_DRe-LTR	BEL
BEL-41_DRe-I	BEL
BEL-41_DRe-LTR	BEL
BEL-42_DRe-I	BEL
BEL-42_DRe-LTR	BEL
BEL-43_DRe-I	BEL
BEL-43_DRe-LTR	BEL
BEL-44_DRe-I	BEL
BEL-44_DRe-LTR	BEL
BEL-45_DRe-I	BEL
BEL-45_DRe-LTR	BEL
BEL-46_DRe-I	BEL
BEL-46_DRe-LTR	BEL
BEL-47_DRe-I	BEL
BEL-47_DRe-LTR	BEL
BEL-48_DRe-I	BEL
BEL-48_DRe-LTR	BEL
BEL-49_DRe-I	BEL
BEL-49_DRe-LTR	BEL
BEL-50_DRe-I	BEL
BEL-50_DRe-LTR	BEL
BEL-51_DRe-I	BEL
BEL-51_DRe-LTR	BEL
BEL-52_DRe-I	BEL
BEL-52_DRe-LTR	BEL
BEL-53_DRe-I	BEL
BEL-53_DRe-LTR	BEL
BEL-54_DRe-I	BEL
BEL-54_DRe-LTR	BEL
BEL-55_DRe-I	BEL
BEL-55_DRe-LTR	BEL
BEL-56_DRe-I	BEL
BEL-56_DRe-LTR	BEL
BEL-57_DRe-I	BEL
BEL-57_DRe-LTR	BEL
BEL-58_DRe-I	BEL
BEL-58_DRe-LTR	BEL
BEL-59_DRe-I	BEL
BEL-59_DRe-LTR	BEL
BEL-60_DRe-I	BEL
BEL-60_DRe-LTR	BEL
BEL-61_DRe-I	BEL
BEL-61_DRe-LTR	BEL
BEL-62_DRe-I	BEL
BEL-62_DRe-LTR	BEL
BEL-63_DRe-I	BEL
BEL-63_DRe-LTR	BEL
BEL-64_DRe-I	BEL
BEL-65_DRe-I	BEL
BEL-65_DRe-LTR	BEL
BEL1-I_DR	BEL
BEL1-LTR_DR	BEL
BEL10-I_DR	BEL
BEL10-LTR_DR	BEL
BEL11-I_DR	BEL
BEL11-LTR_DR	BEL
BEL12-I_DR	BEL
BEL12-LTR_DR	BEL
BEL13-I_DR	BEL
BEL13-LTR_DR	BEL
BEL14-I_DR	BEL
BEL14-LTR_DR	BEL
BEL15-I_DR	BEL
BEL15-LTR_DR	BEL
BEL17-I_DR	BEL
BEL17-LTR_DR	BEL
BEL18-I_DR	BEL
BEL18-LTR_DR	BEL
BEL19-I_DR	BEL
BEL19-LTR_DR	BEL
BEL2-I_DR	BEL
BEL2-LTR_DR	BEL
BEL20-I_DR	BEL
BEL20-LTR_DR	BEL
BEL21-I_DR	BEL
BEL21-LTR_DR	BEL
BEL22-I_DR	BEL
BEL22-LTR_DR	BEL
BEL23-I_DR	BEL
BEL23-LTR_DR	BEL
BEL24-I_DR	BEL
BEL24-LTR_DR	BEL
BEL25-I_DR	BEL
BEL25-LTR_DR	BEL
BEL27-I_DR	BEL
BEL27-LTR_DR	BEL
BEL29-I_DR	BEL
BEL29-LTR_DR	BEL
BEL3-I_DR	BEL
BEL3-LTR_DR	BEL
BEL30-I_DR	BEL
BEL30-LTR_DR	BEL
BEL31-I_DR	BEL
BEL31-LTR_DR	BEL
BEL32-I_DR	BEL
BEL32-LTR_DR	BEL
BEL33-I_DR	BEL
BEL33-LTR_DR	BEL
BEL34-I_DR	BEL
BEL34-LTR_DR	BEL
BEL35-I_DR	BEL
BEL35-LTR_DR	BEL
BEL36-I_DR	BEL
BEL36-LTR_DR	BEL
BEL4-I_DR	BEL
BEL4-LTR_DR	BEL
BEL5-I_DR	BEL
BEL5-LTR_DR	BEL
BEL7-I_DR	BEL
BEL7-LTR_DR	BEL
BEL8-I_DR	BEL
BEL8-LTR_DR	BEL
BEL9-I_DR	BEL
BEL9-LTR_DR	BEL
BELPADRE_I	BEL
BELPADRE_LTR	BEL
BEL_I	BEL
BEL_LTR	BEL
BGLII	Other
BGLII_A	Other
BGLII_B	Other
BGLII_B2	Other
BGLII_C	Other
BGLII_Mur	Other
BGLII_Mus	Other
BHIKHARI-2-I_DR	Other
BHIKHARI-2-LTR_DR	Other
BHIKHARI-3-I_DR	Other
BHIKHARI-3-LTR_DR	Other
BHIKHARI-4-I_DR	Other
BHIKHARI-4-LTR_DR	Other
BHIKHARI-5-I_DR	Other
BHIKHARI-5-LTR_DR	Other
BHIKHARI_I	Other
BHIKHARI_LTR	Other
Bica_I	Other
Bica_LTR	Other
BLASTOPIA_I	Other
BLASTOPIA_LTR	Other
BLOOD_I	Other
BLOOD_LTR	Other
BURDOCK_I	Other
BURDOCK_LTR	Other
CATCH1I_DR	Other
CATCH1LTR_DR	Other
CATCH2I_DR	Other
CATCH2LTR_DR	Other
CATCH3I_DR	Other
CATCH3LTR_DR	Other
CER1	Other
CER10-I_CE	Other
CER10-LTR_CE	Other
CER11-I_CE	Other
CER11-LTR_CE	Other
CER12-1-LTR_CE	Other
CER12-I_CE	Other
CER12-LTR_CE	Other
CER13-I_CE	Other
CER13-LTR_CE	Other
CER15-1-I_CE	Other
CER15-1-LTR_CE	Other
CER15-I_CE	Other
CER15-LTR_CE	Other
CER16-1-LTR_CE	Other
CER16-2-I_CE	Other
CER16-2-LTR_CE	Other
CER16-I_CE	Other
CER16-LTR_CE	Other
CER17-I_CE	Other
CER17-LTR_CE	Other
CER2-1-LTR_CE	Other
CER2-I_CE	Other
CER2-LTR_CE	Other
CER3-1-LTR_CE	Other
CER3-I_CE	Other
CER3-LTR_CE	Other
CER4-I_CE	Other
CER4-LTR_CE	Other
CER5-I_CE	Other
CER5-LTR_CE	Other
CER6-I_CE	Other
CER6-LTR_CE	Other
CER7-I_CE	Other
CER7-LTR_CE	Other
CER8-I_CE	Other
CER8-LTR_CE	Other
CER9-I_CE	Other
CER9-LTR_CE	Other
Chimpo_I	Other
Chimpo_LTR	Other
Chouto_I	Other
Chouto_LTR	Other
CIRCE	Other
Copia-10B_DR-LTR	Copia
Copia-10_DR-LTR	Copia
Copia-11B_DR-LTR	Copia
Copia-11C_DR-LTR	Copia
Copia-11D_DR-LTR	Copia
Copia-11E_DR-LTR	Copia
Copia-11F_DR-LTR	Copia
Copia-11G_DR-LTR	Copia
Copia-11H_DR-LTR	Copia
Copia-11I_DR-LTR	Copia
Copia-11_DR-LTR	Copia
Copia-12_DR-LTR	Copia
Copia-13B_DR-I	Copia
Copia-13B_DR-LTR	Copia
Copia-13C_DR-I	Copia
Copia-13_DR-I	Copia
Copia-13_DR-LTR	Copia
Copia-14_DR-I	Copia
Copia-14_DR-LTR	Copia
Copia-15B_DR-LTR	Copia
Copia-15_DR-LTR	Copia
Copia-16_DR-I	Copia
Copia-16_DR-LTR	Copia
Copia-17_DR-LTR	Copia
Copia-6-I_DR	Copia
Copia-7-I_DR	Copia
Copia-7-LTR_DR	Copia
Copia-8-I_DR	Copia
Copia-8-LTR_DR	Copia
Copia-9-LTR_DR	Copia
Copia1-I_DM	Copia
Copia1-I_DR	Copia
Copia1-LTR_DM	Copia
Copia1-LTR_DR	Copia
Copia2-I_DR	Copia
Copia2-LTR_DR	Copia
Copia2_I	Copia
Copia2_LTR_DM	Copia
Copia3-I_DR	Copia
Copia3-LTR_DR	Copia
Copia4-I_DR	Copia
Copia4-LTR_DR	Copia
Copia5-I_DR	Copia
Copia5-LTR_DR	Copia
Copia6-LTR_DR	Copia
Copia_I	Copia
Copia_LTR	Copia
DIVER2_I	Other
DIVER2_LTR	Other
DIVER_I	Other
DIVER_LTR	Other
DM1731_I	Other
DM1731_LTR	Other
DM176_I	Other
DM176_LTR	Other
DM297_I	Other
DM297_LTR	Other
DM412	Other
DM412B_LTR	Other
DMLTR5	Other
DMTOM1_LTR	Other
ERV1-1-I_DR	ERV
ERV1-1-LTR_DR	ERV
ERV1-10_DR-I	ERV
ERV1-10_DR-LTR	ERV
ERV1-1B_DR-I	ERV
ERV1-1B_DR-LTR	ERV
ERV1-1C_DR-LTR	ERV
ERV1-2-I_DR	ERV
ERV1-2-LTR_DR	ERV
ERV1-2B-LTR_DR	ERV
ERV1-3-I_DR	ERV
ERV1-3-LTR_DR	ERV
ERV1-4_DR-I	ERV
ERV1-4_DR-LTR	ERV
ERV1-5_DR-I	ERV
ERV1-5_DR-LTR	ERV
ERV1-6_DR-I	ERV
ERV1-7_DR-I	ERV
ERV1-7_DR-LTR	ERV
ERV1-8_DR-LTR	ERV
ERV1-9_DR-LTR	ERV
ERV1-I_DR	ERV
ERV1-N1-I_DR	ERV
ERV1-N1-LTR_DR	ERV
ERV1-N2-I_DR	ERV
ERV1-N2-LTR_DR	ERV
ERV1-N3-I_DR	ERV
ERV1-N3-LTR_DR	ERV
ERV1-N3B-LTR_DR	ERV
ERV1-N3C-LTR_DR	ERV
ERV1-N3D-LTR_DR	ERV
ERV1-N4-I_DR	ERV
ERV1-N4-LTR_DR	ERV
ERV1-N5-I_DR	ERV
ERV1-N5-LTR_DR	ERV
ERV1-N6-I_DR	ERV
ERV1-N6-LTR_DR	ERV
ERV1-N7-I_DR	ERV
ERV1-N7-LTR_DR	ERV
ERV1-N8-I_DR	ERV
ERV1-N8-LTR_DR	ERV
ERV1-N9-I_DR	ERV
ERV1-N9-LTR_DR	ERV
ERV1-N9B-LTR_DR	ERV
ERV1_DR-I	ERV
ERV1_DR-LTR	ERV
ERV24B_Prim	ERV
ERV24_Prim	ERV
ERV2B-LTR_DR	ERV
ERV2_DR-I	ERV
ERV2_DR-LTR	ERV
ERV3-16A3_I	ERV
ERV3-16A3_LTR	ERV
ERV3_DR-I	ERV
ERV3_DR_LTR	ERV
ERV4_DR-I	ERV
ERV4_DR-LTR	ERV
ERV5_DR_LTR	ERV
ERVB2_1-I_MM	ERV
ERVB2_1A-I_MM	ERV
ERVB3_1-I_MM	ERV
ERVB3_1-LTR_MM	ERV
ERVB4_1-I_MM	ERV
ERVB4_1-LTR_MM	ERV
ERVB4_1B-I_MM	ERV
ERVB4_1B-LTR_MM	ERV
ERVB4_1C-LTR_Mm	ERV
ERVB4_2-I_MM	ERV
ERVB4_2-LTR_MM	ERV
ERVB4_3-I_MM	ERV
ERVB4_3-LTR_MM	ERV
ERVB5_1-I_MM	ERV
ERVB5_1-LTR_MM	ERV
ERVB5_2-LTR_MM	ERV
ERVB7_1-LTR_MM	ERV
ERVB7_2-LTR_MM	ERV
ERVB7_2B-LTR_MM	ERV
ERVB7_3-LTR_MM	ERV
ERVB7_4-LTR_MM	ERV
ERVL	ERV
ERVL-B4	ERV
ERVL-E	ERV
ERVL47	ERV
ERVN1-I_DR	ERV
ERVN1-LTR_DR	ERV
ETnERV	ERV
ETnERV2	ERV
ETnERV3	ERV
EUTREP15	Other
EUTREP16	Other
EUTREP7	Other
EUTREP8	Other
FROGGER_I	Other
FROGGER_LTR	Other
GTWIN_I	Other
GTWIN_LTR	Other
Gypsy-110_DR-I	Gypsy
Gypsy-110_DR-LTR	Gypsy
Gypsy-111_DR-I	Gypsy
Gypsy-111_DR-LTR	Gypsy
Gypsy-115-I_DR	Gypsy
Gypsy-115-LTR_DR	Gypsy
Gypsy-116-I_DR	Gypsy
Gypsy-116-LTR_DR	Gypsy
Gypsy-117-I_DR	Gypsy
Gypsy-117-LTR_DR	Gypsy
Gypsy-126_DR-I	Gypsy
Gypsy-126_DR-LTR	Gypsy
Gypsy-129_DR-I	Gypsy
Gypsy-129_DR-LTR	Gypsy
Gypsy-130_DR-I	Gypsy
Gypsy-130_DR-LTR	Gypsy
Gypsy-131_DR-I	Gypsy
Gypsy-131_DR-LTR	Gypsy
Gypsy-14-I_DR	Gypsy
Gypsy-14-LTR_DR	Gypsy
Gypsy-15-I_DR	Gypsy
Gypsy-15-LTR_DR	Gypsy
Gypsy-150-LTRb_DR	Gypsy
Gypsy-16-I_DR	Gypsy
Gypsy-16-LTR_DR	Gypsy
Gypsy-162_DR-I	Gypsy
Gypsy-162_DR-LTR	Gypsy
Gypsy-165-I_DR	Gypsy
Gypsy-165-LTR_DR	Gypsy
Gypsy-166-I_DR	Gypsy
Gypsy-166-LTR_DR	Gypsy
Gypsy-166B_DR-LTR	Gypsy
Gypsy-167-I_DR	Gypsy
Gypsy-167-LTR_DR	Gypsy
Gypsy-168-I_DR	Gypsy
Gypsy-168-LTR_DR	Gypsy
Gypsy-169-I_DR	Gypsy
Gypsy-169-LTR_DR	Gypsy
Gypsy-17-I_DR	Gypsy
Gypsy-17-LTR_DR	Gypsy
Gypsy-170-I_DR	Gypsy
Gypsy-170-LTR_DR	Gypsy
Gypsy-171-I_DR	Gypsy
Gypsy-171-LTR_DR	Gypsy
Gypsy-171_DR-I	Gypsy
Gypsy-172_DR-LTR	Gypsy
Gypsy-173_DR	Gypsy
Gypsy-173_DR-I	Gypsy
Gypsy-173_DR-LTR	Gypsy
Gypsy-174_DR-I	Gypsy
Gypsy-174_DR-LTR	Gypsy
Gypsy-175_DR-I	Gypsy
Gypsy-175_DR-LTR	Gypsy
Gypsy-176_DR-I	Gypsy
Gypsy-176_DR-LTR	Gypsy
Gypsy-177_DR-I	Gypsy
Gypsy-177_DR-LTR	Gypsy
Gypsy-178_DR-I	Gypsy
Gypsy-178_DR-LTR	Gypsy
Gypsy-179_DR-I	Gypsy
Gypsy-18-I_DR	Gypsy
Gypsy-18-LTR_DR	Gypsy
Gypsy-180_DR-I	Gypsy
Gypsy-180_DR-LTR	Gypsy
Gypsy-181_DR-I	Gypsy
Gypsy-181_DR-LTR	Gypsy
Gypsy-182_DR-I	Gypsy
Gypsy-182_DR-LTR	Gypsy
Gypsy-183_DR-I	Gypsy
Gypsy-183_DR-LTR	Gypsy
Gypsy-184_DR-I	Gypsy
Gypsy-184_DR-LTR	Gypsy
Gypsy-185_DR-I	Gypsy
Gypsy-185_DR-LTR	Gypsy
Gypsy-186_DR-I	Gypsy
Gypsy-186_DR-LTR	Gypsy
Gypsy-187_DR-I	Gypsy
Gypsy-187_DR-LTR	Gypsy
Gypsy-188_DR-I	Gypsy
Gypsy-188_DR-LTR	Gypsy
Gypsy-189_DR-I	Gypsy
Gypsy-189_DR-LTR	Gypsy
Gypsy-19-I_DR	Gypsy
Gypsy-19-LTR_DR	Gypsy
Gypsy-190_DR-I	Gypsy
Gypsy-190_DR-LTR	Gypsy
Gypsy-191_DR-I	Gypsy
Gypsy-191_DR-LTR	Gypsy
Gypsy-192_DR-I	Gypsy
Gypsy-192_DR-LTR	Gypsy
Gypsy-193_DR-I	Gypsy
Gypsy-193_DR-LTR	Gypsy
Gypsy-194B_DR-LTR	Gypsy
Gypsy-194_DR-I	Gypsy
Gypsy-194_DR-LTR	Gypsy
Gypsy-195_DR-I	Gypsy
Gypsy-195_DR-LTR	Gypsy
Gypsy-196_DR-I	Gypsy
Gypsy-196_DR-LTR	Gypsy
Gypsy-197_DR-I	Gypsy
Gypsy-197_DR-LTR	Gypsy
Gypsy-198_DR-I	Gypsy
Gypsy-198_DR-LTR	Gypsy
Gypsy-199_DR-I	Gypsy
Gypsy-199_DR-LTR	Gypsy
Gypsy-20-I_DR	Gypsy
Gypsy-20-LTR_DR	Gypsy
Gypsy-200_DR-I	Gypsy
Gypsy-200_DR-LTR	Gypsy
Gypsy-201_DR-I	Gypsy
Gypsy-201_DR-LTR	Gypsy
Gypsy-202_DR-I	Gypsy
Gypsy-203_DR-LTR	Gypsy
Gypsy-204_DR-I	Gypsy
Gypsy-204_DR-LTR	Gypsy
Gypsy-205_DR-I	Gypsy
Gypsy-206_DR-I	Gypsy
Gypsy-206_DR-LTR	Gypsy
Gypsy-207_DR-I	Gypsy
Gypsy-207_DR-LTR	Gypsy
Gypsy-208_DR-I	Gypsy
Gypsy-208_DR-LTR	Gypsy
Gypsy-209_DR-I	Gypsy
Gypsy-209_DR-LTR	Gypsy
Gypsy-21-I_DR	Gypsy
Gypsy-21-LTR_DR	Gypsy
Gypsy-210_DR-I	Gypsy
Gypsy-210_DR-LTR	Gypsy
Gypsy-211_DR-I	Gypsy
Gypsy-211_DR-LTR	Gypsy
Gypsy-212_DR-LTR	Gypsy
Gypsy-213_DR-I	Gypsy
Gypsy-213_DR-LTR	Gypsy
Gypsy-214_DR-I	Gypsy
Gypsy-215_DR-LTR	Gypsy
Gypsy-216_DR-I	Gypsy
Gypsy-216_DR-LTR	Gypsy
Gypsy-217_DR-I	Gypsy
Gypsy-217_DR-LTR	Gypsy
Gypsy-218_DR-I	Gypsy
Gypsy-218_DR-LTR	Gypsy
Gypsy-219_DR-I	Gypsy
Gypsy-219_DR-LTR	Gypsy
Gypsy-22-I_DR	Gypsy
Gypsy-22-LTR_DR	Gypsy
Gypsy-220_DR-I	Gypsy
Gypsy-220_DR-LTR	Gypsy
Gypsy-221_DR-I	Gypsy
Gypsy-221_DR-LTR	Gypsy
Gypsy-222_DR-LTR	Gypsy
Gypsy-223_DR-I	Gypsy
Gypsy-223_DR-LTR	Gypsy
Gypsy-224_DR-LTR	Gypsy
Gypsy-225_DR-LTR	Gypsy
Gypsy-226_DR-I	Gypsy
Gypsy-226_DR-LTR	Gypsy
Gypsy-227_DR-LTR	Gypsy
Gypsy-228_DR-LTR	Gypsy
Gypsy-229_DR-LTR	Gypsy
Gypsy-23-I_DR	Gypsy
Gypsy-23-LTR_DR	Gypsy
Gypsy-230_DR-LTR	Gypsy
Gypsy-231_DR-LTR	Gypsy
Gypsy-232_DR-LTR	Gypsy
Gypsy-233_DR-I	Gypsy
Gypsy-233_DR-LTR	Gypsy
Gypsy-24-I_DR	Gypsy
Gypsy-24-LTR_DR	Gypsy
Gypsy-25-I_DR	Gypsy
Gypsy-25-LTR_DR	Gypsy
Gypsy-26-I_DR	Gypsy
Gypsy-26-LTR_DR	Gypsy
Gypsy-27-I_DR	Gypsy
Gypsy-27-LTR_DR	Gypsy
Gypsy-28-I_DR	Gypsy
Gypsy-28-LTR_DR	Gypsy
Gypsy-28B-I_DR	Gypsy
Gypsy-28B-LTR_DR	Gypsy
Gypsy-29-I_DR	Gypsy
Gypsy-29-LTR_DR	Gypsy
Gypsy-30-I_DR	Gypsy
Gypsy-30-LTR_DR	Gypsy
Gypsy-31-I_DR	Gypsy
Gypsy-31-LTR_DR	Gypsy
Gypsy-32-I_DR	Gypsy
Gypsy-32-LTR_DR	Gypsy
Gypsy-33-I_DR	Gypsy
Gypsy-33-LTR_DR	Gypsy
Gypsy-34-I_DR	Gypsy
Gypsy-34-LTR_Dr	Gypsy
Gypsy1-I_DM	Gypsy
Gypsy1-LTR_DM	Gypsy
Gypsy10-I_DR	Gypsy
Gypsy10-LTR_DR	Gypsy
Gypsy100-I_DR	Gypsy
Gypsy100-LTR_DR	Gypsy
Gypsy101-I_DR	Gypsy
Gypsy101-LTRb_DR	Gypsy
Gypsy101-LTR_DR	Gypsy
Gypsy101B-LTR_DR	Gypsy
Gypsy102-I_DR	Gypsy
Gypsy102-LTR_DR	Gypsy
Gypsy103-I_Dr	Gypsy
Gypsy103-LTR_Dr	Gypsy
Gypsy104-I_Dr	Gypsy
Gypsy104-LTR_DR	Gypsy
Gypsy105-I_Dr	Gypsy
Gypsy105-LTR_Dr	Gypsy
Gypsy106-I_DR	Gypsy
Gypsy106-LTR_DR	Gypsy
Gypsy107-I_Dr	Gypsy
Gypsy107-LTR_Dr	Gypsy
Gypsy108-I_Dr	Gypsy
Gypsy108-LTR_Dr	Gypsy
Gypsy10_I	Gypsy
Gypsy10_LTR	Gypsy
Gypsy11-I_DR	Gypsy
Gypsy11-LTR_DR	Gypsy
Gypsy116-I_DR	Gypsy
Gypsy116-LTR_DR	Gypsy
Gypsy117-I_DR	Gypsy
Gypsy117-LTR_DR	Gypsy
Gypsy118-I_DR	Gypsy
Gypsy118-LTR_DR	Gypsy
Gypsy119-I_DR	Gypsy
Gypsy119-LTR_DR	Gypsy
Gypsy11_I	Gypsy
Gypsy11_LTR	Gypsy
Gypsy12-I_DR	Gypsy
Gypsy12-LTR_DR	Gypsy
Gypsy120-I_DR	Gypsy
Gypsy120-LTR_DR	Gypsy
Gypsy121-I_DR	Gypsy
Gypsy121-LTR_DR	Gypsy
Gypsy122-I_DR	Gypsy
Gypsy122-LTR_DR	Gypsy
Gypsy123-LTRb_DR	Gypsy
Gypsy123-LTR_DR	Gypsy
Gypsy124-I_DR	Gypsy
Gypsy124-LTR_DR	Gypsy
Gypsy127-I_DR	Gypsy
Gypsy127-LTR_DR	Gypsy
Gypsy128-I_DR	Gypsy
Gypsy128-LTR_DR	Gypsy
Gypsy12A_LTR	Gypsy
Gypsy12_I	Gypsy
Gypsy12_LTR	Gypsy
Gypsy13-I_DR	Gypsy
Gypsy13-LTR_DR	Gypsy
Gypsy132-I_DR	Gypsy
Gypsy132-LTR_DR	Gypsy
Gypsy133-I_DR	Gypsy
Gypsy133-LTR_DR	Gypsy
Gypsy134-I_DR	Gypsy
Gypsy134-LTR_DR	Gypsy
Gypsy135-I_DR	Gypsy
Gypsy135-LTR_DR	Gypsy
Gypsy136-I_DR	Gypsy
Gypsy136-LTR_DR	Gypsy
Gypsy137-I_DR	Gypsy
Gypsy137-LTR_DR	Gypsy
Gypsy138-I_DR	Gypsy
Gypsy138-LTR_DR	Gypsy
Gypsy139-I_DR	Gypsy
Gypsy139-LTR_DR	Gypsy
Gypsy140-I_DR	Gypsy
Gypsy140-LTR_DR	Gypsy
Gypsy141-I_DR	Gypsy
Gypsy141-LTR_DR	Gypsy
Gypsy142-I_DR	Gypsy
Gypsy142-LTR_DR	Gypsy
Gypsy143-I_DR	Gypsy
Gypsy143-LTR_DR	Gypsy
Gypsy144-I_DR	Gypsy
Gypsy144-LTR_DR	Gypsy
Gypsy145-I_DR	Gypsy
Gypsy145-LTR_DR	Gypsy
Gypsy146-I_DR	Gypsy
Gypsy146-LTR_DR	Gypsy
Gypsy147-I_DR	Gypsy
Gypsy147-LTR_DR	Gypsy
Gypsy148-I_DR	Gypsy
Gypsy148-LTRb_DR	Gypsy
Gypsy148-LTR_DR	Gypsy
Gypsy149-I_DR	Gypsy
Gypsy149-LTR_DR	Gypsy
Gypsy150-I_DR	Gypsy
Gypsy150-LTR_DR	Gypsy
Gypsy151-I_DR	Gypsy
Gypsy151-LTR_DR	Gypsy
Gypsy152-I_DR	Gypsy
Gypsy152-LTR_DR	Gypsy
Gypsy152B-I_DR	Gypsy
Gypsy152B-LTR_DR	Gypsy
Gypsy153-I_DR	Gypsy
Gypsy153-LTR_DR	Gypsy
Gypsy154-I_DR	Gypsy
Gypsy154-LTR_DR	Gypsy
Gypsy155-I_DR	Gypsy
Gypsy155-LTR_DR	Gypsy
Gypsy156-I_DR	Gypsy
Gypsy156-LTR_DR	Gypsy
Gypsy157-I_DR	Gypsy
Gypsy157-LTR_DR	Gypsy
Gypsy158-I_DR	Gypsy
Gypsy158-LTR_DR	Gypsy
Gypsy159-I_DR	Gypsy
Gypsy159-LTR_DR	Gypsy
Gypsy160-I_DR	Gypsy
Gypsy160-LTR_DR	Gypsy
Gypsy161-I_DR	Gypsy
Gypsy161-LTR_DR	Gypsy
Gypsy163-I_DR	Gypsy
Gypsy163-LTR_DR	Gypsy
Gypsy164-I_DR	Gypsy
Gypsy164-LTR_DR	Gypsy
Gypsy164B-I_DR	Gypsy
Gypsy172-I_Dr	Gypsy
Gypsy172-LTR_Dr	Gypsy
Gypsy2-I_DM	Gypsy
Gypsy2-LTR_DM	Gypsy
Gypsy2_I	Gypsy
Gypsy2_LTR	Gypsy
Gypsy3-I_DR	Gypsy
Gypsy3-LTR_DR	Gypsy
Gypsy35-I_DR	Gypsy
Gypsy35-LTR_DR	Gypsy
Gypsy36-I_DR	Gypsy
Gypsy36-LTR_DR	Gypsy
Gypsy37-I_DR	Gypsy
Gypsy37-LTR_DR	Gypsy
Gypsy38-I_DR	Gypsy
Gypsy38-LTR_DR	Gypsy
Gypsy39-I_DR	Gypsy
Gypsy39-LTR_DR	Gypsy
Gypsy39B-LTR_DR	Gypsy
Gypsy3_I	Gypsy
Gypsy3_LTR	Gypsy
Gypsy4-I_DR	Gypsy
Gypsy4-LTR_DR	Gypsy
Gypsy40-I_DR	Gypsy
Gypsy40-LTR_DR	Gypsy
Gypsy41-I_DR	Gypsy
Gypsy41-LTR_DR	Gypsy
Gypsy42-I_DR	Gypsy
Gypsy42-LTR_DR	Gypsy
Gypsy42B-LTR_DR	Gypsy
Gypsy43-I_DR	Gypsy
Gypsy43-LTR_DR	Gypsy
Gypsy44-I_DR	Gypsy
Gypsy44-LTR_DR	Gypsy
Gypsy45-I_DR	Gypsy
Gypsy45-LTR_DR	Gypsy
Gypsy46-I_DR	Gypsy
Gypsy46-LTR_DR	Gypsy
Gypsy47-I_DR	Gypsy
Gypsy47-LTR_DR	Gypsy
Gypsy48-I_DR	Gypsy
Gypsy48_LTR_DR	Gypsy
Gypsy49-I_DR	Gypsy
Gypsy49-LTR_DR	Gypsy
Gypsy4_I	Gypsy
Gypsy4_LTR	Gypsy
Gypsy5-I_DR	Gypsy
Gypsy5-LTR_DR	Gypsy
Gypsy50-I_DR	Gypsy
Gypsy50-LTR_DR	Gypsy
Gypsy51-I_DR	Gypsy
Gypsy51-LTR_DR	Gypsy
Gypsy52-I_DR	Gypsy
Gypsy52-LTR_DR	Gypsy
Gypsy53-I_DR	Gypsy
Gypsy53-LTR_DR	Gypsy
Gypsy54-I_DR	Gypsy
Gypsy54-LTR_DR	Gypsy
Gypsy55-I_DR	Gypsy
Gypsy55-LTR_DR	Gypsy
Gypsy56-I_DR	Gypsy
Gypsy56-LTR_DR	Gypsy
Gypsy57-I_DR	Gypsy
Gypsy57-LTR_DR	Gypsy
Gypsy58-I_DR	Gypsy
Gypsy58-LTR_DR	Gypsy
Gypsy59-I_DR	Gypsy
Gypsy59-LTR_DR	Gypsy
Gypsy5_I	Gypsy
Gypsy5_LTR	Gypsy
Gypsy6-I_DR	Gypsy
Gypsy6-LTR_DR	Gypsy
Gypsy60-I_DR	Gypsy
Gypsy60-LTR_DR	Gypsy
Gypsy61-I_DR	Gypsy
Gypsy61-LTR_DR	Gypsy
Gypsy62-I_DR	Gypsy
Gypsy62-LTR_DR	Gypsy
Gypsy63-I_DR	Gypsy
Gypsy63-LTR_DR	Gypsy
Gypsy64-I_DR	Gypsy
Gypsy64-LTR_DR	Gypsy
Gypsy65-I_DR	Gypsy
Gypsy65-LTR_DR	Gypsy
Gypsy66-I_DR	Gypsy
Gypsy66-LTR_DR	Gypsy
Gypsy67-I_DR	Gypsy
Gypsy67-LTR_DR	Gypsy
Gypsy68-I_DR	Gypsy
Gypsy68-LTR_DR	Gypsy
Gypsy69-I_DR	Gypsy
Gypsy69-LTR_DR	Gypsy
Gypsy6A_LTR	Gypsy
Gypsy6_I	Gypsy
Gypsy6_LTR	Gypsy
Gypsy7-I_DR	Gypsy
Gypsy7-LTR_DR	Gypsy
Gypsy70-I_DR	Gypsy
Gypsy70-LTR_DR	Gypsy
Gypsy71-I_DR	Gypsy
Gypsy71-LTR_DR	Gypsy
Gypsy72-I_DR	Gypsy
Gypsy72-LTR_DR	Gypsy
Gypsy73-I_DR	Gypsy
Gypsy73-LTR_DR	Gypsy
Gypsy74-I_DR	Gypsy
Gypsy74-LTR_DR	Gypsy
Gypsy75-I_DR	Gypsy
Gypsy75-LTR_DR	Gypsy
Gypsy76-I_DR	Gypsy
Gypsy76-LTR_DR	Gypsy
Gypsy77-I_DR	Gypsy
Gypsy77-LTR_DR	Gypsy
Gypsy78-I_DR	Gypsy
Gypsy78-LTR_DR	Gypsy
Gypsy79-I_DR	Gypsy
Gypsy79-LTR_DR	Gypsy
Gypsy7_I	Gypsy
Gypsy7_LTR	Gypsy
Gypsy8-I_DR	Gypsy
Gypsy8-LTR_DR	Gypsy
Gypsy80-I_DR	Gypsy
Gypsy80-LTR_DR	Gypsy
Gypsy81-I_Dr	Gypsy
Gypsy81-LTR_Dr	Gypsy
Gypsy82-I_Dr	Gypsy
Gypsy82-LTR_Dr	Gypsy
Gypsy83-I_DR	Gypsy
Gypsy83-LTR_DR	Gypsy
Gypsy84-I_DR	Gypsy
Gypsy84-LTR_DR	Gypsy
Gypsy85-I_DR	Gypsy
Gypsy85-LTR_DR	Gypsy
Gypsy86-I_DR	Gypsy
Gypsy86-LTR_DR	Gypsy
Gypsy87-I_DR	Gypsy
Gypsy87-LTR_DR	Gypsy
Gypsy88-I_DR	Gypsy
Gypsy88-LTR_DR	Gypsy
Gypsy89-I_DR	Gypsy
Gypsy89-LTR_DR	Gypsy
Gypsy8_I	Gypsy
Gypsy8_LTR	Gypsy
Gypsy9-I_DR	Gypsy
Gypsy9-LTR_DR	Gypsy
Gypsy90-I_DR	Gypsy
Gypsy90-LTR_DR	Gypsy
Gypsy91-I_DR	Gypsy
Gypsy91-LTR_DR	Gypsy
Gypsy92-I_DR	Gypsy
Gypsy92-LTR_DR	Gypsy
Gypsy93-I_DR	Gypsy
Gypsy93-LTR_DR	Gypsy
Gypsy94-I_DR	Gypsy
Gypsy94-LTR_DR	Gypsy
Gypsy95-I_DR	Gypsy
Gypsy95-LTR_DR	Gypsy
Gypsy96-I_DR	Gypsy
Gypsy96-LTR_DR	Gypsy
Gypsy97-I_DR	Gypsy
Gypsy97-LTR-B_DR	Gypsy
Gypsy97-LTR_DR	Gypsy
Gypsy98-I_Dr	Gypsy
Gypsy98-LTR_Dr	Gypsy
Gypsy99-I_DR	Gypsy
Gypsy99-LTR_DR	Gypsy
Gypsy9_I	Gypsy
Gypsy9_LTR	Gypsy
GypsyDR1	Gypsy
GypsyDR1_LTR	Gypsy
GypsyDR2	Gypsy
GypsyDR2_LTR	Gypsy
Gypsy_I	Gypsy
Gypsy_LTR	Gypsy
Harlequin	Other
HERV-Fc1	ERV
HERV-Fc1_LTR1	ERV
HERV-Fc1_LTR2	ERV
HERV-Fc1_LTR3	ERV
HERV-Fc2	ERV
HERV-Fc2_LTR	ERV
HERV15	ERV
HERV16	ERV
HERV17	ERV
HERV1_I	ERV
HERV1_LTRa	ERV
HERV1_LTRb	ERV
HERV1_LTRc	ERV
HERV1_LTRd	ERV
HERV1_LTRe	ERV
HERV3	ERV
HERV30	ERV
HERV35I	ERV
HERV4_I	ERV
HERV9	ERV
HERV9N	ERV
HERV9NC	ERV
HERVE	ERV
HERVE_a	ERV
HERVFH19	ERV
HERVFH21	ERV
HERVH	ERV
HERVH48	ERV
HERVI	ERV
HERVIP10B3	ERV
HERVIP10F	ERV
HERVIP10FH	ERV
HERVK	ERV
HERVK11	ERV
HERVK11D	ERV
HERVK13	ERV
HERVK14	ERV
HERVK14C	ERV
HERVK22	ERV
HERVK3	ERV
HERVK9	ERV
HERVKC4	ERV
HERVL	ERV
HERVL18	ERV
HERVL32	ERV
HERVL40	ERV
HERVL66	ERV
HERVL74	ERV
HERVP71A	ERV
HERVS71	ERV
HMSBEAGLE_I	Other
HUERS-P1	Other
HUERS-P2	Other
HUERS-P3	Other
HUERS-P3b	Other
IAP-d	Other
IAP1-MM_I	Other
IAP1-MM_LTR	Other
IAPA_MM	Other
IAPEy-int	Other
IAPEY2_LTR	Other
IAPEY3-int	Other
IAPEY3C_LTR	Other
IAPEY3_LTR	Other
IAPEY4_I	Other
IAPEY4_LTR	Other
IAPEY5_I	Other
IAPEY5_LTR	Other
IAPEY_LTR	Other
IAPEz-int	Other
IAPLTR1a_Mm	Other
IAPLTR1_Mm	Other
IAPLTR2a	Other
IAPLTR2a2_Mm	Other
IAPLTR2b	Other
IAPLTR2_Mm	Other
IAPLTR3	Other
IAPLTR3-int	Other
IAPLTR4	Other
IAPLTR4_I	Other
IDEFIX_LTR	Other
Invader1_I	Other
Invader1_LTR	Other
Invader2_I	Other
Invader2_LTR	Other
Invader3_I	Other
Invader3_LTR	Other
Invader4_I	Other
Invader4_LTR	Other
Invader5_I	Other
Invader5_LTR	Other
Invader6_I	Other
Invader6_LTR	Other
LOR1-int	Other
LOR1a	Other
LOR1b	Other
LTR-10_DR	Other
LTR-11_DR-I	Other
LTR-11_DR-LTR	Other
LTR-13_DR	Other
LTR-14_DR	Other
LTR-15_DR	Other
LTR-6B_DR	Other
LTR-6_DR	Other
LTR-8_DR	Other
LTR-9_DR	Other
LTR06	Other
LTR1	Other
LTR101_Mam	Other
LTR102_Mam	Other
LTR103b_Mam	Other
LTR103_Mam	Other
LTR104_Mam	Other
LTR105_Mam	Other
LTR106_Mam	Other
LTR107_Mam	Other
LTR108a_Mam	Other
LTR108b_Mam	Other
LTR108c_Mam	Other
LTR108d_Mam	Other
LTR108e_Mam	Other
LTR109A2	Other
LTR10A	Other
LTR10B	Other
LTR10B1	Other
LTR10B2	Other
LTR10C	Other
LTR10D	Other
LTR10E	Other
LTR10F	Other
LTR10G	Other
LTR10_RN	Other
LTR12	Other
LTR12B	Other
LTR12C	Other
LTR12D	Other
LTR12E	Other
LTR12F	Other
LTR12_DR	Other
LTR12_v	Other
LTR13A	Other
LTR13_v	Other
LTR14A	Other
LTR14B	Other
LTR14C	Other
LTR15	Other
LTR16	Other
LTR16A	Other
LTR16A1	Other
LTR16A2	Other
LTR16B	Other
LTR16B1	Other
LTR16B2	Other
LTR16C	Other
LTR16D	Other
LTR16D1	Other
LTR16D2	Other
LTR16E1	Other
LTR16E2	Other
LTR17	Other
LTR18A	Other
LTR18B	Other
LTR18C	Other
LTR19-int	Other
LTR19A	Other
LTR19B	Other
LTR19C	Other
LTR1A1	Other
LTR1A2	Other
LTR1B	Other
LTR1B0	Other
LTR1B1	Other
LTR1B_DR	Other
LTR1C	Other
LTR1C1	Other
LTR1C3	Other
LTR1D	Other
LTR1D1	Other
LTR1E	Other
LTR1F	Other
LTR1F1	Other
LTR1F2	Other
LTR1_CE	Other
LTR1_DR	Other
LTR2	Other
LTR21A	Other
LTR21B	Other
LTR21C	Other
LTR22	Other
LTR22A	Other
LTR22B	Other
LTR22B1	Other
LTR22B2	Other
LTR22C	Other
LTR22C0	Other
LTR22C2	Other
LTR22E	Other
LTR23	Other
LTR23-int	Other
LTR24	Other
LTR24B	Other
LTR24C	Other
LTR25	Other
LTR25-int	Other
LTR26	Other
LTR26B	Other
LTR26C	Other
LTR26D	Other
LTR26E	Other
LTR27	Other
LTR2752	Other
LTR27B	Other
LTR27C	Other
LTR27D	Other
LTR27E	Other
LTR28	Other
LTR28B	Other
LTR28C	Other
LTR29	Other
LTR2B	Other
LTR2B_DR	Other
LTR2C	Other
LTR2_CE	Other
LTR3	Other
LTR30	Other
LTR31	Other
LTR32	Other
LTR33	Other
LTR33A	Other
LTR33A_v	Other
LTR33C	Other
LTR34	Other
LTR35	Other
LTR35A	Other
LTR35B	Other
LTR36	Other
LTR37-int	Other
LTR37A	Other
LTR37B	Other
LTR38	Other
LTR38-int	Other
LTR38A1	Other
LTR38B	Other
LTR38C	Other
LTR39	Other
LTR39-int	Other
LTR3A	Other
LTR3B	Other
LTR3B_v	Other
LTR40a	Other
LTR40A1	Other
LTR40b	Other
LTR40c	Other
LTR41	Other
LTR41B	Other
LTR41C	Other
LTR42	Other
LTR43	Other
LTR43-int	Other
LTR43B	Other
LTR44	Other
LTR45	Other
LTR45B	Other
LTR45C	Other
LTR46	Other
LTR46-int	Other
LTR47A	Other
LTR47A2	Other
LTR47B	Other
LTR47B2	Other
LTR47B3	Other
LTR47B4	Other
LTR48	Other
LTR48B	Other
LTR49	Other
LTR49-int	Other
LTR4_DR	Other
LTR5	Other
LTR50	Other
LTR51	Other
LTR52	Other
LTR52-int	Other
LTR53	Other
LTR53-int	Other
LTR53B	Other
LTR54	Other
LTR54B	Other
LTR55	Other
LTR56	Other
LTR57	Other
LTR57-int	Other
LTR58	Other
LTR59	Other
LTR5A	Other
LTR5B	Other
LTR5B_DR	Other
LTR5_DR	Other
LTR5_Hs	Other
LTR60	Other
LTR60B	Other
LTR61	Other
LTR62	Other
LTR64	Other
LTR65	Other
LTR66	Other
LTR67B	Other
LTR68	Other
LTR69	Other
LTR6A	Other
LTR6B	Other
LTR7	Other
LTR70	Other
LTR71A	Other
LTR71B	Other
LTR72	Other
LTR72B	Other
LTR72_RN	Other
LTR73	Other
LTR75	Other
LTR75B	Other
LTR75_1	Other
LTR76	Other
LTR77	Other
LTR78	Other
LTR78B	Other
LTR79	Other
LTR7B	Other
LTR7C	Other
LTR7Y	Other
LTR8	Other
LTR80A	Other
LTR80B	Other
LTR81	Other
LTR81A	Other
LTR81AB	Other
LTR81B	Other
LTR81C	Other
LTR82A	Other
LTR82B	Other
LTR83	Other
LTR84a	Other
LTR84b	Other
LTR85a	Other
LTR85b	Other
LTR85c	Other
LTR86A1	Other
LTR86A2	Other
LTR86B1	Other
LTR86B2	Other
LTR86C	Other
LTR87	Other
LTR88a	Other
LTR88b	Other
LTR88c	Other
LTR89	Other
LTR89B	Other
LTR8A	Other
LTR8B	Other
LTR9	Other
LTR90A	Other
LTR90B	Other
LTR91	Other
LTR91A	Other
LTR9A1	Other
LTR9B	Other
LTR9C	Other
LTR9D	Other
LTRCER1	Other
LTRIS2	Other
LTRIS3	Other
LTRIS4	Other
LTRIS4A	Other
LTRIS4B	Other
LTRIS5	Other
LTRIS6	Other
LTRIS_Mm	Other
LTRIS_Mus	Other
MamGyp-int	Gypsy
MamGypLTR1a	Gypsy
MamGypLTR1b	Gypsy
MamGypLTR1c	Gypsy
MamGypLTR1d	Gypsy
MamGypLTR2b	Gypsy
MamGypLTR2c	Gypsy
MamGypLTR3	Gypsy
MamGypLTR3a	Gypsy
MamGypLTR4	Gypsy
MamGypsy2-I	Gypsy
MamGypsy2-LTR	Gypsy
MAX_I	Other
MAX_LTR	Other
MDG1_I	Other
MDG1_LTR	Other
MDG3_I	Other
MDG3_LTR	Other
MER101	Other
MER101-int	Other
MER101B	Other
MER110	Other
MER110-int	Other
MER110A	Other
MER11A	Other
MER11B	Other
MER11C	Other
MER11D	Other
MER129	Other
MER21-int	Other
MER21A	Other
MER21B	Other
MER21C	Other
MER31-int	Other
MER31A	Other
MER31B	Other
MER34	Other
MER34-int	Other
MER34A	Other
MER34A1	Other
MER34B	Other
MER34B-int	Other
MER34C	Other
MER34C2	Other
MER34C_v	Other
MER39	Other
MER39B	Other
MER4-int	Other
MER41-int	Other
MER41A	Other
MER41B	Other
MER41C	Other
MER41D	Other
MER41E	Other
MER41G	Other
MER48	Other
MER49	Other
MER4A	Other
MER4A1	Other
MER4A1_v	Other
MER4B-int	Other
MER4C	Other
MER4CL34	Other
MER4D	Other
MER4D0	Other
MER4D1	Other
MER4E	Other
MER4E1	Other
MER50	Other
MER50-int	Other
MER50B	Other
MER50C	Other
MER51-int	Other
MER51A	Other
MER51B	Other
MER51C	Other
MER51D	Other
MER51E	Other
MER52-int	Other
MER52A	Other
MER52C	Other
MER52D	Other
MER54A	Other
MER54B	Other
MER57-int	Other
MER57A-int	Other
MER57A1	Other
MER57B1	Other
MER57B2	Other
MER57C1	Other
MER57C2	Other
MER57D	Other
MER57E1	Other
MER57E2	Other
MER57E3	Other
MER57F	Other
MER61-int	Other
MER61A	Other
MER61B	Other
MER61C	Other
MER61D	Other
MER61E	Other
MER61F	Other
MER65-int	Other
MER65A	Other
MER65B	Other
MER65C	Other
MER65D	Other
MER66-int	Other
MER66A	Other
MER66B	Other
MER66C	Other
MER66D	Other
MER67A	Other
MER67B	Other
MER67C	Other
MER67D	Other
MER68	Other
MER68-int	Other
MER68B	Other
MER68C	Other
MER70-int	Other
MER70A	Other
MER70B	Other
MER70C	Other
MER72	Other
MER72B	Other
MER73	Other
MER74A	Other
MER74B	Other
MER74C	Other
MER76	Other
MER76-int	Other
MER77	Other
MER77B	Other
MER83	Other
MER83A-int	Other
MER83B	Other
MER83B-int	Other
MER83C	Other
MER84	Other
MER84-int	Other
MER87	Other
MER87B	Other
MER88	Other
MER89	Other
MER89-int	Other
MER90	Other
MER90a	Other
MER92-int	Other
MER92A	Other
MER92B	Other
MER92C	Other
MER92D	Other
MER95	Other
MER9a1	Other
MER9a2	Other
MER9a3	Other
MER9B	Other
MERV1_I	ERV
MERV1_LTR	ERV
MERVK26	ERV
MERVL	ERV
MERVL_2A	ERV
MICROPIA_I	Other
MICROPIA_LTR	Other
MLT-int	Other
MLT1-int	Other
MLT1A	Other
MLT1A0	Other
MLT1A1	Other
MLT1B	Other
MLT1C	Other
MLT1C2	Other
MLT1D	Other
MLT1E	Other
MLT1E1	Other
MLT1E1A	Other
MLT1E2	Other
MLT1E3	Other
MLT1F	Other
MLT1F-int	Other
MLT1F1	Other
MLT1F2	Other
MLT1G	Other
MLT1G1	Other
MLT1G3	Other
MLT1H	Other
MLT1H-int	Other
MLT1H1	Other
MLT1H2	Other
MLT1I	Other
MLT1J	Other
MLT1J-int	Other
MLT1J1	Other
MLT1J2	Other
MLT1K	Other
MLT1L	Other
MLT1M	Other
MLT1N2	Other
MLT1O	Other
MLT2A1	Other
MLT2A2	Other
MLT2B1	Other
MLT2B2	Other
MLT2B3	Other
MLT2B4	Other
MLT2B5	Other
MLT2C1	Other
MLT2C2	Other
MLT2D	Other
MLT2E	Other
MLT2F	Other
MLTR11A	Other
MLTR11B	Other
MLTR12	Other
MLTR13	Other
MLTR14	Other
MLTR18A_MM	Other
MLTR18B_MM	Other
MLTR18C_MM	Other
MLTR18D_MM	Other
MLTR18_MM	Other
MLTR25A	Other
MLTR25C	Other
MLTR31A_MM	Other
MLTR31C_MM	Other
MLTR31D_MM	Other
MLTR31E_MM	Other
MLTR31FA_MM	Other
MLTR31F_MM	Other
MLTR32C_MM	Other
MLTR73	Other
MMERGLN-int	Other
MMERGLN_LTR	Other
MMERVK10C	ERV
MMERVK10D3_I	ERV
MMERVK10D3_LTR	ERV
MMERVK9C_I	ERV
MMERVK9E_I	ERV
MMETn-int	Other
MMTV-int	Other
MMVL30-int	Other
MRLTR33	Other
MST-int	Other
MSTA	Other
MSTA1	Other
MSTB	Other
MSTB1	Other
MSTB2	Other
MSTC	Other
MSTD	Other
MT2A	Other
MT2B	Other
MT2B1	Other
MT2B2	Other
MT2C_Mm	Other
MT2_Mm	Other
MTA_Mm	Other
MTB	Other
MTB_Mm	Other
MTC	Other
MTC-int	Other
MTD	Other
MTE-int	Other
MTE2a	Other
MTE2b	Other
MTEa	Other
MTEb	Other
MuLV-int	Other
MurERV4	ERV
MurERV4_19	ERV
MuRRS-int	Other
MuRRS4-int	Other
MURVY-int	Other
MURVY-LTR	Other
MYSERV	ERV
MYSERV16_I	ERV
MYSERV6	ERV
NINJA_I	Other
NINJA_LTR	Other
NOMAD_I	Other
NOMAD_LTR	Other
ORR1A0	Other
ORR1A1	Other
ORR1A1-int	Other
ORR1A2	Other
ORR1A3	Other
ORR1A3-int	Other
ORR1A4	Other
ORR1B1	Other
ORR1B1-int	Other
ORR1B2	Other
ORR1C1	Other
ORR1C2	Other
ORR1D-int	Other
ORR1D1	Other
ORR1D2	Other
ORR1E	Other
ORR1F	Other
ORR1G	Other
PABL_A	Other
PABL_A-int	Other
PABL_B	Other
PABL_B-int	Other
PRIMA4-int	Other
PRIMA41-int	Other
PRIMA4_LTR	Other
PRIMAX-int	Other
PrimLTR79	Other
QUASIMODO2-I_DM	Other
QUASIMODO2-LTR_DM	Other
QUASIMODO_I	Other
QUASIMODO_LTR	Other
RLTR1	Other
RLTR10	Other
RLTR10-int	Other
RLTR10A	Other
RLTR10B	Other
RLTR10B2	Other
RLTR10C	Other
RLTR10D	Other
RLTR10D2	Other
RLTR10E	Other
RLTR10F	Other
RLTR11A	Other
RLTR11A2	Other
RLTR11B	Other
RLTR11C_MM	Other
RLTR11D	Other
RLTR12A	Other
RLTR12B	Other
RLTR12B2	Other
RLTR12BD_Mm	Other
RLTR12C	Other
RLTR12D	Other
RLTR12E	Other
RLTR12F	Other
RLTR12G	Other
RLTR12H	Other
RLTR13A	Other
RLTR13A1	Other
RLTR13A2	Other
RLTR13A3	Other
RLTR13B1	Other
RLTR13B2	Other
RLTR13B3	Other
RLTR13B4	Other
RLTR13C1	Other
RLTR13C2	Other
RLTR13C3	Other
RLTR13D	Other
RLTR13D1	Other
RLTR13D2	Other
RLTR13D3	Other
RLTR13D3A	Other
RLTR13D3A1	Other
RLTR13D4	Other
RLTR13D5	Other
RLTR13D6	Other
RLTR13E	Other
RLTR13F	Other
RLTR13G	Other
RLTR14	Other
RLTR14-int	Other
RLTR14_RN	Other
RLTR15	Other
RLTR16	Other
RLTR16B_MM	Other
RLTR16C_MM	Other
RLTR17	Other
RLTR17B_Mm	Other
RLTR17C_Mm	Other
RLTR17D_Mm	Other
RLTR18	Other
RLTR18-int	Other
RLTR18B	Other
RLTR19	Other
RLTR19-int	Other
RLTR19A	Other
RLTR19A2	Other
RLTR19B	Other
RLTR19C	Other
RLTR19D	Other
RLTR1A2_MM	Other
RLTR1B	Other
RLTR1B-int	Other
RLTR1C	Other
RLTR1D	Other
RLTR1D2_MM	Other
RLTR1E_MM	Other
RLTR1F_Mm	Other
RLTR20A	Other
RLTR20A1	Other
RLTR20A2	Other
RLTR20A2B_MM	Other
RLTR20A3_MM	Other
RLTR20A4	Other
RLTR20B1	Other
RLTR20B2	Other
RLTR20B3	Other
RLTR20B3A_MM	Other
RLTR20B4_MM	Other
RLTR20B5_MM	Other
RLTR20C	Other
RLTR20C1_MM	Other
RLTR20C2_MM	Other
RLTR20D	Other
RLTR21	Other
RLTR22_Mur	Other
RLTR22_Mus	Other
RLTR23	Other
RLTR24	Other
RLTR24B_MM	Other
RLTR25A	Other
RLTR25B	Other
RLTR26	Other
RLTR26B_MM	Other
RLTR26C_MM	Other
RLTR26D_MM	Other
RLTR26_Mus	Other
RLTR27	Other
RLTR28	Other
RLTR28B	Other
RLTR30	Other
RLTR30B_MM	Other
RLTR30C_MM	Other
RLTR30D2_MM	Other
RLTR30D_MM	Other
RLTR30D_RN	Other
RLTR30E_MM	Other
RLTR31A_Mm	Other
RLTR31B2	Other
RLTR31B_Mm	Other
RLTR31C_MM	Other
RLTR31D_MM	Other
RLTR31M	Other
RLTR31_Mm	Other
RLTR31_Mur	Other
RLTR33	Other
RLTR34B_MM	Other
RLTR34C_MM	Other
RLTR34D_MM	Other
RLTR35B_MM	Other
RLTR3_Mm	Other
RLTR40	Other
RLTR41	Other
RLTR41A2	Other
RLTR41B	Other
RLTR41C	Other
RLTR42	Other
RLTR42-int	Other
RLTR43A	Other
RLTR43B	Other
RLTR43C	Other
RLTR44-int	Other
RLTR44A	Other
RLTR44B	Other
RLTR44C	Other
RLTR44D	Other
RLTR44E	Other
RLTR45	Other
RLTR45-int	Other
RLTR46	Other
RLTR46A	Other
RLTR46A2	Other
RLTR46B	Other
RLTR47	Other
RLTR47_MM	Other
RLTR48A	Other
RLTR48B	Other
RLTR48C	Other
RLTR49	Other
RLTR4_Mm	Other
RLTR4_MM-int	Other
RLTR50A	Other
RLTR50B	Other
RLTR51A_Mm	Other
RLTR51B_Mm	Other
RLTR53B_Mm	Other
RLTR53_Mm	Other
RLTR5_Mm	Other
RLTR6-int	Other
RLTR6B_Mm	Other
RLTR6C_Mm	Other
RLTR6_Mm	Other
RLTR8	Other
RLTR9A	Other
RLTR9A2	Other
RLTR9A3	Other
RLTR9A3A	Other
RLTR9A3B	Other
RLTR9A4	Other
RLTR9B	Other
RLTR9B2	Other
RLTR9C	Other
RLTR9D	Other
RLTR9D2	Other
RLTR9E	Other
RLTR9F	Other
RLTRETN_Mm	Other
RMER10A	Other
RMER10B	Other
RMER12	Other
RMER12B	Other
RMER12C	Other
RMER13A	Other
RMER13A1	Other
RMER13A2	Other
RMER13B	Other
RMER15	Other
RMER15-int	Other
RMER16	Other
RMER16-int	Other
RMER16A2	Other
RMER16A3	Other
RMER16B	Other
RMER16B2	Other
RMER16B3	Other
RMER16C	Other
RMER16_Mm	Other
RMER17A	Other
RMER17A-int	Other
RMER17A2	Other
RMER17B	Other
RMER17B2	Other
RMER17C	Other
RMER17C-int	Other
RMER17C2	Other
RMER17D	Other
RMER17D2	Other
RMER19A	Other
RMER19B	Other
RMER19B2	Other
RMER19C	Other
RMER2	Other
RMER20A	Other
RMER20B	Other
RMER20C_Mm	Other
RMER21A	Other
RMER21B	Other
RMER3D-int	Other
RMER3D1	Other
RMER3D2	Other
RMER3D3	Other
RMER3D4	Other
RMER4A	Other
RMER4B	Other
RMER5	Other
RMER6-int	Other
RMER6A	Other
RMER6B	Other
RMER6BA	Other
RMER6C	Other
RMER6D	Other
RNERVK23	ERV
RNLTR23	Other
RodERV21	ERV
ROOA_I	Other
ROOA_LTR	Other
ROO_I	Other
ROO_LTR	Other
ROVER-I_DM	Other
ROVER-LTR_DM	Other
SRV_MM-int	Other
Stalker2_I	Other
Stalker2_LTR	Other
Stalker3_LTR	Other
STALKER4_I	Other
STALKER4_LTR	Other
SUSHIIDR1	Other
SUSHIIDR1_LTR	Other
TABOR_I	Other
TABOR_LTR	Other
THE1-int	Other
THE1A	Other
THE1B	Other
THE1C	Other
THE1D	Other
THE1D-int	Other
TIRANT_I	Other
TIRANT_LTR	Other
TOM_I	Other
TRANSPAC_I	Other
TRANSPAC_LTR	Other
X1_LR	Other
ZAM_I	Other
ZAM_LTR	Other
ZFERV-2-LTR_DR	ERV
ZFERV-2N1-I_DR	ERV
ZFERV-2N2-I_DR	ERV
ZFERV_I	ERV
ZFERV_LTR	ERV
